// Jest Snapshot v1, https://goo.gl/fbAQLP

exports[`Details matches snapshot 1`] = `
<RCTSafeAreaView
  emulateUnlessSupported={true}
  style={
    Object {
      "alignItems": "center",
      "backgroundColor": "#f6f1eb",
      "flex": 1,
      "justifyContent": "center",
      "padding": 10,
      "width": "100%",
    }
  }
  testID="details"
>
  <View
    style={
      Object {
        "borderColor": "orange",
        "borderRadius": 10,
        "borderStyle": "solid",
        "borderWidth": 1,
        "padding": 15,
        "width": "80%",
      }
    }
  >
    <Text
      style={
        Object {
          "color": "#3a6599",
          "fontSize": 16,
        }
      }
    >
      Name: 
    </Text>
    <Text
      style={
        Object {
          "color": "#3a6599",
          "fontSize": 16,
        }
      }
    >
      Nasa JPl URL: 
    </Text>
    <Text
      style={
        Object {
          "color": "#3a6599",
          "fontSize": 16,
        }
      }
    >
      Is potentially hazardous:
      no
    </Text>
  </View>
</RCTSafeAreaView>
`;
