// Jest Snapshot v1, https://goo.gl/fbAQLP

exports[`Home matches snapshot 1`] = `
<RCTSafeAreaView
  emulateUnlessSupported={true}
  style={
    Object {
      "alignItems": "center",
      "backgroundColor": "#f6f1eb",
      "flex": 1,
      "justifyContent": "center",
      "padding": 10,
      "width": "100%",
    }
  }
  testID="home"
>
  <View
    style={
      Object {
        "alignItems": "center",
        "borderColor": "black",
        "borderRadius": 10,
        "borderStyle": "solid",
        "borderWidth": 1,
        "display": "flex",
        "flexDirection": "row",
        "justifyContent": "center",
        "paddingBottom": 10,
        "paddingTop": 10,
        "width": "90%",
      }
    }
  >
    <TextInput
      allowFontScaling={true}
      onChangeText={[Function]}
      placeholder="Enter Asteroid ID"
      placeholderTextColor="grey"
      rejectResponderTermination={true}
      style={
        Object {
          "backgroundColor": "white",
          "borderColor": "blue",
          "borderRadius": 10,
          "borderWidth": 1,
          "marginBottom": 10,
          "padding": 10,
          "width": "80%",
        }
      }
      testID="input"
      underlineColorAndroid="transparent"
    />
    <View
      style={
        Object {
          "alignItems": "center",
          "backgroundColor": "orange",
          "borderRadius": 10,
          "borderWidth": 1,
          "bottom": 5,
          "display": "flex",
          "justifyContent": "center",
          "marginLeft": 5,
          "position": "relative",
        }
      }
    >
      <View
        accessibilityRole="button"
        accessibilityState={
          Object {
            "disabled": true,
          }
        }
        accessible={true}
        focusable={true}
        onClick={[Function]}
        onResponderGrant={[Function]}
        onResponderMove={[Function]}
        onResponderRelease={[Function]}
        onResponderTerminate={[Function]}
        onResponderTerminationRequest={[Function]}
        onStartShouldSetResponder={[Function]}
        style={
          Object {
            "opacity": 1,
          }
        }
        testID="btn"
      >
        <View
          style={
            Array [
              Object {},
              Object {},
            ]
          }
        >
          <Text
            disabled={true}
            style={
              Array [
                Object {
                  "color": "#007AFF",
                  "fontSize": 18,
                  "margin": 8,
                  "textAlign": "center",
                },
                Object {
                  "color": "orange",
                },
                Object {
                  "color": "#cdcdcd",
                },
              ]
            }
          >
            Submit
          </Text>
        </View>
      </View>
    </View>
  </View>
  <View>
    <View
      style={
        Object {
          "marginTop": 30,
        }
      }
    >
      <View
        accessibilityRole="button"
        accessibilityState={Object {}}
        accessible={true}
        focusable={true}
        onClick={[Function]}
        onResponderGrant={[Function]}
        onResponderMove={[Function]}
        onResponderRelease={[Function]}
        onResponderTerminate={[Function]}
        onResponderTerminationRequest={[Function]}
        onStartShouldSetResponder={[Function]}
        style={
          Object {
            "opacity": 1,
          }
        }
        testID="random"
      >
        <View
          style={
            Array [
              Object {},
            ]
          }
        >
          <Text
            disabled={false}
            style={
              Array [
                Object {
                  "color": "#007AFF",
                  "fontSize": 18,
                  "margin": 8,
                  "textAlign": "center",
                },
                Object {
                  "color": "orange",
                },
              ]
            }
          >
            Random Asteroid
          </Text>
        </View>
      </View>
    </View>
  </View>
</RCTSafeAreaView>
`;
